2025-10-31 18:05:20 | [0m[31mERROR[0m[0m | app:books/routes.py | get_all_books:16 | Found 5 books
2025-11-06 00:55:23 | [0m[0m[31mERROR[0m[0m[0m | app:core/security.py|decode_jwt_token:101 | Not enough segments, Invalid JWT token
Traceback (most recent call last):
  File "/Users/aadarshkushwaha/Desktop/Study /PythonBackend/Bookly/.venv/lib/python3.13/site-packages/jose/jws.py", line 180, in _load
    signing_input, crypto_segment = jwt.rsplit(b".", 1)
    ^^^^^^^^^^^^^^^^^^^^^^^^^^^^^
ValueError: not enough values to unpack (expected 2, got 1)

During handling of the above exception, another exception occurred:

Traceback (most recent call last):
  File "/Users/aadarshkushwaha/Desktop/Study /PythonBackend/Bookly/.venv/lib/python3.13/site-packages/jose/jwt.py", line 159, in decode
    payload = jws.verify(token, key, algorithms, verify=verify_signature)
  File "/Users/aadarshkushwaha/Desktop/Study /PythonBackend/Bookly/.venv/lib/python3.13/site-packages/jose/jws.py", line 74, in verify
    header, payload, signing_input, signature = _load(token)
                                                ~~~~~^^^^^^^
  File "/Users/aadarshkushwaha/Desktop/Study /PythonBackend/Bookly/.venv/lib/python3.13/site-packages/jose/jws.py", line 184, in _load
    raise JWSError("Not enough segments")
jose.exceptions.JWSError: Not enough segments

During handling of the above exception, another exception occurred:

Traceback (most recent call last):
  File "/Users/aadarshkushwaha/Desktop/Study /PythonBackend/Bookly/app/core/security.py", line 85, in decode_jwt_token
    payload = jwt.decode(
        token,
    ...<4 lines>...
        options={"verify_exp": True}
    )
  File "/Users/aadarshkushwaha/Desktop/Study /PythonBackend/Bookly/.venv/lib/python3.13/site-packages/jose/jwt.py", line 161, in decode
    raise JWTError(e)
jose.exceptions.JWTError: Not enough segments
2025-11-06 00:57:33 | [0m[0m[31mERROR[0m[0m[0m | app:core/security.py|decode_jwt_token:101 | Not enough segments, Invalid JWT token
Traceback (most recent call last):
  File "/Users/aadarshkushwaha/Desktop/Study /PythonBackend/Bookly/.venv/lib/python3.13/site-packages/jose/jws.py", line 180, in _load
    signing_input, crypto_segment = jwt.rsplit(b".", 1)
    ^^^^^^^^^^^^^^^^^^^^^^^^^^^^^
ValueError: not enough values to unpack (expected 2, got 1)

During handling of the above exception, another exception occurred:

Traceback (most recent call last):
  File "/Users/aadarshkushwaha/Desktop/Study /PythonBackend/Bookly/.venv/lib/python3.13/site-packages/jose/jwt.py", line 159, in decode
    payload = jws.verify(token, key, algorithms, verify=verify_signature)
  File "/Users/aadarshkushwaha/Desktop/Study /PythonBackend/Bookly/.venv/lib/python3.13/site-packages/jose/jws.py", line 74, in verify
    header, payload, signing_input, signature = _load(token)
                                                ~~~~~^^^^^^^
  File "/Users/aadarshkushwaha/Desktop/Study /PythonBackend/Bookly/.venv/lib/python3.13/site-packages/jose/jws.py", line 184, in _load
    raise JWSError("Not enough segments")
jose.exceptions.JWSError: Not enough segments

During handling of the above exception, another exception occurred:

Traceback (most recent call last):
  File "/Users/aadarshkushwaha/Desktop/Study /PythonBackend/Bookly/app/core/security.py", line 85, in decode_jwt_token
    payload = jwt.decode(
        token,
    ...<4 lines>...
        options={"verify_exp": True}
    )
  File "/Users/aadarshkushwaha/Desktop/Study /PythonBackend/Bookly/.venv/lib/python3.13/site-packages/jose/jwt.py", line 161, in decode
    raise JWTError(e)
jose.exceptions.JWTError: Not enough segments
2025-11-06 01:02:15 | [0m[0m[31mERROR[0m[0m[0m | app:core/security.py|decode_jwt_token:105 | Not enough segments, Invalid JWT token
Traceback (most recent call last):
  File "/Users/aadarshkushwaha/Desktop/Study /PythonBackend/Bookly/.venv/lib/python3.13/site-packages/jose/jws.py", line 182, in _load
    header_data = base64url_decode(header_segment)
  File "/Users/aadarshkushwaha/Desktop/Study /PythonBackend/Bookly/.venv/lib/python3.13/site-packages/jose/utils.py", line 78, in base64url_decode
    return base64.urlsafe_b64decode(input)
           ~~~~~~~~~~~~~~~~~~~~~~~~^^^^^^^
  File "/Users/aadarshkushwaha/.local/share/uv/python/cpython-3.13.7-macos-x86_64-none/lib/python3.13/base64.py", line 134, in urlsafe_b64decode
    return b64decode(s)
  File "/Users/aadarshkushwaha/.local/share/uv/python/cpython-3.13.7-macos-x86_64-none/lib/python3.13/base64.py", line 88, in b64decode
    return binascii.a2b_base64(s, strict_mode=validate)
           ~~~~~~~~~~~~~~~~~~~^^^^^^^^^^^^^^^^^^^^^^^^^
binascii.Error: Incorrect padding

During handling of the above exception, another exception occurred:

Traceback (most recent call last):
  File "/Users/aadarshkushwaha/Desktop/Study /PythonBackend/Bookly/.venv/lib/python3.13/site-packages/jose/jwt.py", line 159, in decode
    payload = jws.verify(token, key, algorithms, verify=verify_signature)
  File "/Users/aadarshkushwaha/Desktop/Study /PythonBackend/Bookly/.venv/lib/python3.13/site-packages/jose/jws.py", line 74, in verify
    header, payload, signing_input, signature = _load(token)
                                                ~~~~~^^^^^^^
  File "/Users/aadarshkushwaha/Desktop/Study /PythonBackend/Bookly/.venv/lib/python3.13/site-packages/jose/jws.py", line 184, in _load
    raise JWSError("Not enough segments")
jose.exceptions.JWSError: Not enough segments

During handling of the above exception, another exception occurred:

Traceback (most recent call last):
  File "/Users/aadarshkushwaha/Desktop/Study /PythonBackend/Bookly/app/core/security.py", line 89, in decode_jwt_token
    payload = jwt.decode(
        token,
    ...<4 lines>...
        options={"verify_exp": True}
    )
  File "/Users/aadarshkushwaha/Desktop/Study /PythonBackend/Bookly/.venv/lib/python3.13/site-packages/jose/jwt.py", line 161, in decode
    raise JWTError(e)
jose.exceptions.JWTError: Not enough segments
2025-11-06 02:23:40 | [0m[0m[31mERROR[0m[0m[0m | app:core/security.py|decode_jwt_token:93 | Not enough segments, Invalid JWT token
Traceback (most recent call last):
  File "/Users/aadarshkushwaha/Desktop/Study /PythonBackend/Bookly/.venv/lib/python3.13/site-packages/jose/jws.py", line 180, in _load
    signing_input, crypto_segment = jwt.rsplit(b".", 1)
    ^^^^^^^^^^^^^^^^^^^^^^^^^^^^^
ValueError: not enough values to unpack (expected 2, got 1)

During handling of the above exception, another exception occurred:

Traceback (most recent call last):
  File "/Users/aadarshkushwaha/Desktop/Study /PythonBackend/Bookly/.venv/lib/python3.13/site-packages/jose/jwt.py", line 159, in decode
    payload = jws.verify(token, key, algorithms, verify=verify_signature)
  File "/Users/aadarshkushwaha/Desktop/Study /PythonBackend/Bookly/.venv/lib/python3.13/site-packages/jose/jws.py", line 74, in verify
    header, payload, signing_input, signature = _load(token)
                                                ~~~~~^^^^^^^
  File "/Users/aadarshkushwaha/Desktop/Study /PythonBackend/Bookly/.venv/lib/python3.13/site-packages/jose/jws.py", line 184, in _load
    raise JWSError("Not enough segments")
jose.exceptions.JWSError: Not enough segments

During handling of the above exception, another exception occurred:

Traceback (most recent call last):
  File "/Users/aadarshkushwaha/Desktop/Study /PythonBackend/Bookly/app/core/security.py", line 77, in decode_jwt_token
    payload = jwt.decode(
        token,
    ...<4 lines>...
        options={"verify_exp": False}
    )
  File "/Users/aadarshkushwaha/Desktop/Study /PythonBackend/Bookly/.venv/lib/python3.13/site-packages/jose/jwt.py", line 161, in decode
    raise JWTError(e)
jose.exceptions.JWTError: Not enough segments
2025-11-06 02:48:17 | [0m[0m[31mERROR[0m[0m[0m | app:core/security.py|decode_jwt_token:97 | Signature verification failed., Invalid JWT token
Traceback (most recent call last):
  File "/Users/aadarshkushwaha/Desktop/Study /PythonBackend/Bookly/.venv/lib/python3.13/site-packages/jose/jws.py", line 264, in _verify_signature
    raise JWSSignatureError()
jose.exceptions.JWSSignatureError

During handling of the above exception, another exception occurred:

Traceback (most recent call last):
  File "/Users/aadarshkushwaha/Desktop/Study /PythonBackend/Bookly/.venv/lib/python3.13/site-packages/jose/jwt.py", line 159, in decode
    payload = jws.verify(token, key, algorithms, verify=verify_signature)
  File "/Users/aadarshkushwaha/Desktop/Study /PythonBackend/Bookly/.venv/lib/python3.13/site-packages/jose/jws.py", line 77, in verify
    _verify_signature(signing_input, header, signature, key, algorithms)
    ~~~~~~~~~~~~~~~~~^^^^^^^^^^^^^^^^^^^^^^^^^^^^^^^^^^^^^^^^^^^^^^^^^^^
  File "/Users/aadarshkushwaha/Desktop/Study /PythonBackend/Bookly/.venv/lib/python3.13/site-packages/jose/jws.py", line 266, in _verify_signature
    raise JWSError("Signature verification failed.")
jose.exceptions.JWSError: Signature verification failed.

During handling of the above exception, another exception occurred:

Traceback (most recent call last):
  File "/Users/aadarshkushwaha/Desktop/Study /PythonBackend/Bookly/app/core/security.py", line 81, in decode_jwt_token
    payload = jwt.decode(
        token,
    ...<4 lines>...
        options={"verify_exp": False}
    )
  File "/Users/aadarshkushwaha/Desktop/Study /PythonBackend/Bookly/.venv/lib/python3.13/site-packages/jose/jwt.py", line 161, in decode
    raise JWTError(e)
jose.exceptions.JWTError: Signature verification failed.
2025-11-08 20:07:54 | [0m[0m[31mERROR[0m[0m[0m | app:reviews/service.py|add_review_to_book:42 | (sqlalchemy.dialects.postgresql.asyncpg.Error) <class 'asyncpg.exceptions.DataError'>: invalid input for query argument $1: EmailSchema(email='test@test.com') (expected str, got EmailSchema)
[SQL: SELECT users.uid, users.username, users.email, users.first_name, users.last_name, users.hashed_password, users.is_verified, users.is_active, users.created_at, users.updated_at, users.role 
FROM users 
WHERE users.email = $1::VARCHAR]
[parameters: (EmailSchema(email='test@test.com'),)]
(Background on this error at: https://sqlalche.me/e/20/dbapi)
2025-11-08 20:10:44 | [0m[0m[31mERROR[0m[0m[0m | app:reviews/service.py|add_review_to_book:43 | Instance '<ReviewModel at 0x10a29c6e0>' is not persistent within this Session
2025-11-08 20:14:02 | [0m[0m[31mERROR[0m[0m[0m | app:reviews/service.py|add_review_to_book:43 | Instance '<ReviewModel at 0x10a2ad590>' is not persistent within this Session
2025-11-08 20:26:58 | [0m[0m[31mERROR[0m[0m[0m | app:reviews/service.py|add_review_to_book:43 | Instance '<ReviewModel at 0x1065786e0>' is not persistent within this Session
2025-11-08 20:28:51 | [0m[0m[31mERROR[0m[0m[0m | app:reviews/service.py|add_review_to_book:43 | Instance '<ReviewModel at 0x10a0ac6e0>' is not persistent within this Session
2025-11-08 20:31:18 | [0m[0m[31mERROR[0m[0m[0m | app:reviews/service.py|add_review_to_book:43 | 'book' is an invalid keyword argument for ReviewModel
2025-11-08 20:34:30 | [0m[0m[31mERROR[0m[0m[0m | app:reviews/service.py|add_review_to_book:44 | 'book' is an invalid keyword argument for ReviewModel
2025-11-08 20:42:42 | [0m[0m[31mERROR[0m[0m[0m | app:reviews/service.py|add_review_to_book:44 | Instance '<ReviewModel at 0x107a106e0>' is not persistent within this Session
2025-11-08 20:43:36 | [0m[0m[31mERROR[0m[0m[0m | app:reviews/service.py|add_review_to_book:44 | Instance '<ReviewModel at 0x107a25a90>' is not persistent within this Session
2025-11-08 20:55:07 | [0m[0m[31mERROR[0m[0m[0m | app:reviews/service.py|add_review_to_book:53 | Failed to add Review: Instance '<ReviewModel at 0x10cf046e0>' is not persistent within this Session
2025-11-08 21:00:17 | [0m[0m[31mERROR[0m[0m[0m | app:reviews/service.py|add_review_to_book:53 | Failed to add Review: This result object is closed.
2025-11-08 21:01:10 | [0m[0m[31mERROR[0m[0m[0m | app:reviews/service.py|add_review_to_book:53 | Failed to add Review: This result object is closed.
2025-11-08 21:01:48 | [0m[0m[31mERROR[0m[0m[0m | app:reviews/service.py|add_review_to_book:53 | Failed to add Review: This result object is closed.
2025-11-08 21:03:57 | [0m[0m[31mERROR[0m[0m[0m | app:reviews/service.py|add_review_to_book:53 | Failed to add Review: 404: Book not found
2025-11-08 21:04:54 | [0m[0m[31mERROR[0m[0m[0m | app:reviews/service.py|add_review_to_book:53 | Failed to add Review: 404: Book not found
2025-11-09 00:22:52 | [0m[0m[31mERROR[0m[0m[0m | app:core/logger.py|log_exception:226 | Exception in RequestValidationError: [{'type': 'uuid_parsing', 'loc': ('path', 'book_id'), 'msg': 'Input should be a valid UUID, invalid group length in group 4: expected 12, found 11', 'input': '8c5b64aa-8378-4cf5-b721-6d87df8bc93', 'ctx': {'error': 'invalid group length in group 4: expected 12, found 11'}}]
Traceback (most recent call last):
  File "/Users/aadarshkushwaha/Desktop/Study /PythonBackend/Bookly/.venv/lib/python3.13/site-packages/starlette/_exception_handler.py", line 42, in wrapped_app
    await app(scope, receive, sender)
  File "/Users/aadarshkushwaha/Desktop/Study /PythonBackend/Bookly/.venv/lib/python3.13/site-packages/fastapi/routing.py", line 110, in app
    response = await f(request)
               ^^^^^^^^^^^^^^^^
  File "/Users/aadarshkushwaha/Desktop/Study /PythonBackend/Bookly/.venv/lib/python3.13/site-packages/fastapi/routing.py", line 431, in app
    raise validation_error
fastapi.exceptions.RequestValidationError: [{'type': 'uuid_parsing', 'loc': ('path', 'book_id'), 'msg': 'Input should be a valid UUID, invalid group length in group 4: expected 12, found 11', 'input': '8c5b64aa-8378-4cf5-b721-6d87df8bc93', 'ctx': {'error': 'invalid group length in group 4: expected 12, found 11'}}]
2025-11-09 00:25:55 | [0m[0m[31mERROR[0m[0m[0m | app:core/logger.py|log_exception:226 | Exception in BookApiException: DELETE /api/v1/books/8c5b64aa-8378-4cf5-b721-6d87df8bc936: Book not found
Traceback (most recent call last):
  File "/Users/aadarshkushwaha/Desktop/Study /PythonBackend/Bookly/.venv/lib/python3.13/site-packages/starlette/_exception_handler.py", line 42, in wrapped_app
    await app(scope, receive, sender)
  File "/Users/aadarshkushwaha/Desktop/Study /PythonBackend/Bookly/.venv/lib/python3.13/site-packages/fastapi/routing.py", line 110, in app
    response = await f(request)
               ^^^^^^^^^^^^^^^^
  File "/Users/aadarshkushwaha/Desktop/Study /PythonBackend/Bookly/.venv/lib/python3.13/site-packages/fastapi/routing.py", line 390, in app
    raw_response = await run_endpoint_function(
                   ^^^^^^^^^^^^^^^^^^^^^^^^^^^^
    ...<3 lines>...
    )
    ^
  File "/Users/aadarshkushwaha/Desktop/Study /PythonBackend/Bookly/.venv/lib/python3.13/site-packages/fastapi/routing.py", line 289, in run_endpoint_function
    return await dependant.call(**values)
           ^^^^^^^^^^^^^^^^^^^^^^^^^^^^^^
  File "/Users/aadarshkushwaha/Desktop/Study /PythonBackend/Bookly/app/books/routes.py", line 74, in delete_a_book
    success = await service.delete_book(book_id)
              ^^^^^^^^^^^^^^^^^^^^^^^^^^^^^^^^^^
  File "/Users/aadarshkushwaha/Desktop/Study /PythonBackend/Bookly/app/books/service.py", line 43, in delete_book
    raise BookNotFound(message="Book not found", details={"book_id": str(book_id)})
app.shared.exception_handlers.BookNotFound: Book not found
2025-11-09 00:27:39 | [0m[0m[31mERROR[0m[0m[0m | app:core/logger.py|log_exception:226 | Exception in BookApiException: DELETE /api/v1/books/8c5b64aa-8378-4cf5-b721-6d87df8bc936: Book not found
Traceback (most recent call last):
  File "/Users/aadarshkushwaha/Desktop/Study /PythonBackend/Bookly/.venv/lib/python3.13/site-packages/starlette/_exception_handler.py", line 42, in wrapped_app
    await app(scope, receive, sender)
  File "/Users/aadarshkushwaha/Desktop/Study /PythonBackend/Bookly/.venv/lib/python3.13/site-packages/fastapi/routing.py", line 110, in app
    response = await f(request)
               ^^^^^^^^^^^^^^^^
  File "/Users/aadarshkushwaha/Desktop/Study /PythonBackend/Bookly/.venv/lib/python3.13/site-packages/fastapi/routing.py", line 390, in app
    raw_response = await run_endpoint_function(
                   ^^^^^^^^^^^^^^^^^^^^^^^^^^^^
    ...<3 lines>...
    )
    ^
  File "/Users/aadarshkushwaha/Desktop/Study /PythonBackend/Bookly/.venv/lib/python3.13/site-packages/fastapi/routing.py", line 289, in run_endpoint_function
    return await dependant.call(**values)
           ^^^^^^^^^^^^^^^^^^^^^^^^^^^^^^
  File "/Users/aadarshkushwaha/Desktop/Study /PythonBackend/Bookly/app/books/routes.py", line 74, in delete_a_book
    success = await service.delete_book(book_id)
              ^^^^^^^^^^^^^^^^^^^^^^^^^^^^^^^^^^
  File "/Users/aadarshkushwaha/Desktop/Study /PythonBackend/Bookly/app/books/service.py", line 43, in delete_book
    raise BookNotFound(message="Book not found", details={"book_id": book_id})
app.shared.exception_handlers.BookNotFound: Book not found
2025-11-09 00:27:39 | [0m[0m[31mERROR[0m[0m[0m | app:core/logger.py|log_exception:226 | Exception in UnhandledException: Object of type UUID is not JSON serializable
Traceback (most recent call last):
  File "/Users/aadarshkushwaha/Desktop/Study /PythonBackend/Bookly/.venv/lib/python3.13/site-packages/starlette/_exception_handler.py", line 42, in wrapped_app
    await app(scope, receive, sender)
  File "/Users/aadarshkushwaha/Desktop/Study /PythonBackend/Bookly/.venv/lib/python3.13/site-packages/fastapi/routing.py", line 110, in app
    response = await f(request)
               ^^^^^^^^^^^^^^^^
  File "/Users/aadarshkushwaha/Desktop/Study /PythonBackend/Bookly/.venv/lib/python3.13/site-packages/fastapi/routing.py", line 390, in app
    raw_response = await run_endpoint_function(
                   ^^^^^^^^^^^^^^^^^^^^^^^^^^^^
    ...<3 lines>...
    )
    ^
  File "/Users/aadarshkushwaha/Desktop/Study /PythonBackend/Bookly/.venv/lib/python3.13/site-packages/fastapi/routing.py", line 289, in run_endpoint_function
    return await dependant.call(**values)
           ^^^^^^^^^^^^^^^^^^^^^^^^^^^^^^
  File "/Users/aadarshkushwaha/Desktop/Study /PythonBackend/Bookly/app/books/routes.py", line 74, in delete_a_book
    success = await service.delete_book(book_id)
              ^^^^^^^^^^^^^^^^^^^^^^^^^^^^^^^^^^
  File "/Users/aadarshkushwaha/Desktop/Study /PythonBackend/Bookly/app/books/service.py", line 43, in delete_book
    raise BookNotFound(message="Book not found", details={"book_id": book_id})
app.shared.exception_handlers.BookNotFound: Book not found

During handling of the above exception, another exception occurred:

Traceback (most recent call last):
  File "/Users/aadarshkushwaha/Desktop/Study /PythonBackend/Bookly/.venv/lib/python3.13/site-packages/starlette/middleware/errors.py", line 164, in __call__
    await self.app(scope, receive, _send)
  File "/Users/aadarshkushwaha/Desktop/Study /PythonBackend/Bookly/.venv/lib/python3.13/site-packages/starlette/middleware/exceptions.py", line 63, in __call__
    await wrap_app_handling_exceptions(self.app, conn)(scope, receive, send)
  File "/Users/aadarshkushwaha/Desktop/Study /PythonBackend/Bookly/.venv/lib/python3.13/site-packages/starlette/_exception_handler.py", line 53, in wrapped_app
    raise exc
  File "/Users/aadarshkushwaha/Desktop/Study /PythonBackend/Bookly/.venv/lib/python3.13/site-packages/starlette/_exception_handler.py", line 42, in wrapped_app
    await app(scope, receive, sender)
  File "/Users/aadarshkushwaha/Desktop/Study /PythonBackend/Bookly/.venv/lib/python3.13/site-packages/fastapi/middleware/asyncexitstack.py", line 18, in __call__
    await self.app(scope, receive, send)
  File "/Users/aadarshkushwaha/Desktop/Study /PythonBackend/Bookly/.venv/lib/python3.13/site-packages/starlette/routing.py", line 716, in __call__
    await self.middleware_stack(scope, receive, send)
  File "/Users/aadarshkushwaha/Desktop/Study /PythonBackend/Bookly/.venv/lib/python3.13/site-packages/starlette/routing.py", line 736, in app
    await route.handle(scope, receive, send)
  File "/Users/aadarshkushwaha/Desktop/Study /PythonBackend/Bookly/.venv/lib/python3.13/site-packages/starlette/routing.py", line 290, in handle
    await self.app(scope, receive, send)
  File "/Users/aadarshkushwaha/Desktop/Study /PythonBackend/Bookly/.venv/lib/python3.13/site-packages/fastapi/routing.py", line 124, in app
    await wrap_app_handling_exceptions(app, request)(scope, receive, send)
  File "/Users/aadarshkushwaha/Desktop/Study /PythonBackend/Bookly/.venv/lib/python3.13/site-packages/starlette/_exception_handler.py", line 59, in wrapped_app
    response = await handler(conn, exc)
               ^^^^^^^^^^^^^^^^^^^^^^^^
  File "/Users/aadarshkushwaha/Desktop/Study /PythonBackend/Bookly/app/shared/exception_handlers.py", line 175, in bookapi_exception_handler
    return JSONResponse(status_code=exc.status_code, content=payload)
  File "/Users/aadarshkushwaha/Desktop/Study /PythonBackend/Bookly/.venv/lib/python3.13/site-packages/starlette/responses.py", line 189, in __init__
    super().__init__(content, status_code, headers, media_type, background)
    ~~~~~~~~~~~~~~~~^^^^^^^^^^^^^^^^^^^^^^^^^^^^^^^^^^^^^^^^^^^^^^^^^^^^^^^
  File "/Users/aadarshkushwaha/Desktop/Study /PythonBackend/Bookly/.venv/lib/python3.13/site-packages/starlette/responses.py", line 46, in __init__
    self.body = self.render(content)
                ~~~~~~~~~~~^^^^^^^^^
  File "/Users/aadarshkushwaha/Desktop/Study /PythonBackend/Bookly/.venv/lib/python3.13/site-packages/starlette/responses.py", line 192, in render
    return json.dumps(
           ~~~~~~~~~~^
        content,
        ^^^^^^^^
    ...<3 lines>...
        separators=(",", ":"),
        ^^^^^^^^^^^^^^^^^^^^^^
    ).encode("utf-8")
    ^
  File "/Users/aadarshkushwaha/.local/share/uv/python/cpython-3.13.7-macos-x86_64-none/lib/python3.13/json/__init__.py", line 238, in dumps
    **kw).encode(obj)
          ~~~~~~^^^^^
  File "/Users/aadarshkushwaha/.local/share/uv/python/cpython-3.13.7-macos-x86_64-none/lib/python3.13/json/encoder.py", line 200, in encode
    chunks = self.iterencode(o, _one_shot=True)
  File "/Users/aadarshkushwaha/.local/share/uv/python/cpython-3.13.7-macos-x86_64-none/lib/python3.13/json/encoder.py", line 261, in iterencode
    return _iterencode(o, 0)
  File "/Users/aadarshkushwaha/.local/share/uv/python/cpython-3.13.7-macos-x86_64-none/lib/python3.13/json/encoder.py", line 180, in default
    raise TypeError(f'Object of type {o.__class__.__name__} '
                    f'is not JSON serializable')
TypeError: Object of type UUID is not JSON serializable
2025-11-09 00:27:39 | [0m[0m[31mERROR[0m[0m[0m | app:shared/exception_handlers.py|fallback_exception_handler:232 | Unhandled exception at DELETE /api/v1/books/8c5b64aa-8378-4cf5-b721-6d87df8bc936: Object of type UUID is not JSON serializable
2025-11-09 00:28:23 | [0m[0m[31mERROR[0m[0m[0m | app:core/logger.py|log_exception:226 | Exception in BookApiException: DELETE /api/v1/books/8c5b64aa-8378-4cf5-b721-6d87df8bc936: Book not found
Traceback (most recent call last):
  File "/Users/aadarshkushwaha/Desktop/Study /PythonBackend/Bookly/.venv/lib/python3.13/site-packages/starlette/_exception_handler.py", line 42, in wrapped_app
    await app(scope, receive, sender)
  File "/Users/aadarshkushwaha/Desktop/Study /PythonBackend/Bookly/.venv/lib/python3.13/site-packages/fastapi/routing.py", line 110, in app
    response = await f(request)
               ^^^^^^^^^^^^^^^^
  File "/Users/aadarshkushwaha/Desktop/Study /PythonBackend/Bookly/.venv/lib/python3.13/site-packages/fastapi/routing.py", line 390, in app
    raw_response = await run_endpoint_function(
                   ^^^^^^^^^^^^^^^^^^^^^^^^^^^^
    ...<3 lines>...
    )
    ^
  File "/Users/aadarshkushwaha/Desktop/Study /PythonBackend/Bookly/.venv/lib/python3.13/site-packages/fastapi/routing.py", line 289, in run_endpoint_function
    return await dependant.call(**values)
           ^^^^^^^^^^^^^^^^^^^^^^^^^^^^^^
  File "/Users/aadarshkushwaha/Desktop/Study /PythonBackend/Bookly/app/books/routes.py", line 74, in delete_a_book
    success = await service.delete_book(book_id)
              ^^^^^^^^^^^^^^^^^^^^^^^^^^^^^^^^^^
  File "/Users/aadarshkushwaha/Desktop/Study /PythonBackend/Bookly/app/books/service.py", line 43, in delete_book
    raise BookNotFound(message="Book not found", details={"book_id": str(book_id)})
app.shared.exception_handlers.BookNotFound: Book not found
2025-11-09 00:50:25 | [0m[0m[31mERROR[0m[0m[0m | app:core/logger.py|log_exception:226 | Exception in UnhandledException: BookNotFound.__init__() got an unexpected keyword argument 'message'
Traceback (most recent call last):
  File "/Users/aadarshkushwaha/Desktop/Study /PythonBackend/Bookly/.venv/lib/python3.13/site-packages/starlette/middleware/errors.py", line 164, in __call__
    await self.app(scope, receive, _send)
  File "/Users/aadarshkushwaha/Desktop/Study /PythonBackend/Bookly/.venv/lib/python3.13/site-packages/starlette/middleware/exceptions.py", line 63, in __call__
    await wrap_app_handling_exceptions(self.app, conn)(scope, receive, send)
  File "/Users/aadarshkushwaha/Desktop/Study /PythonBackend/Bookly/.venv/lib/python3.13/site-packages/starlette/_exception_handler.py", line 53, in wrapped_app
    raise exc
  File "/Users/aadarshkushwaha/Desktop/Study /PythonBackend/Bookly/.venv/lib/python3.13/site-packages/starlette/_exception_handler.py", line 42, in wrapped_app
    await app(scope, receive, sender)
  File "/Users/aadarshkushwaha/Desktop/Study /PythonBackend/Bookly/.venv/lib/python3.13/site-packages/fastapi/middleware/asyncexitstack.py", line 18, in __call__
    await self.app(scope, receive, send)
  File "/Users/aadarshkushwaha/Desktop/Study /PythonBackend/Bookly/.venv/lib/python3.13/site-packages/starlette/routing.py", line 716, in __call__
    await self.middleware_stack(scope, receive, send)
  File "/Users/aadarshkushwaha/Desktop/Study /PythonBackend/Bookly/.venv/lib/python3.13/site-packages/starlette/routing.py", line 736, in app
    await route.handle(scope, receive, send)
  File "/Users/aadarshkushwaha/Desktop/Study /PythonBackend/Bookly/.venv/lib/python3.13/site-packages/starlette/routing.py", line 290, in handle
    await self.app(scope, receive, send)
  File "/Users/aadarshkushwaha/Desktop/Study /PythonBackend/Bookly/.venv/lib/python3.13/site-packages/fastapi/routing.py", line 124, in app
    await wrap_app_handling_exceptions(app, request)(scope, receive, send)
  File "/Users/aadarshkushwaha/Desktop/Study /PythonBackend/Bookly/.venv/lib/python3.13/site-packages/starlette/_exception_handler.py", line 53, in wrapped_app
    raise exc
  File "/Users/aadarshkushwaha/Desktop/Study /PythonBackend/Bookly/.venv/lib/python3.13/site-packages/starlette/_exception_handler.py", line 42, in wrapped_app
    await app(scope, receive, sender)
  File "/Users/aadarshkushwaha/Desktop/Study /PythonBackend/Bookly/.venv/lib/python3.13/site-packages/fastapi/routing.py", line 110, in app
    response = await f(request)
               ^^^^^^^^^^^^^^^^
  File "/Users/aadarshkushwaha/Desktop/Study /PythonBackend/Bookly/.venv/lib/python3.13/site-packages/fastapi/routing.py", line 390, in app
    raw_response = await run_endpoint_function(
                   ^^^^^^^^^^^^^^^^^^^^^^^^^^^^
    ...<3 lines>...
    )
    ^
  File "/Users/aadarshkushwaha/Desktop/Study /PythonBackend/Bookly/.venv/lib/python3.13/site-packages/fastapi/routing.py", line 289, in run_endpoint_function
    return await dependant.call(**values)
           ^^^^^^^^^^^^^^^^^^^^^^^^^^^^^^
  File "/Users/aadarshkushwaha/Desktop/Study /PythonBackend/Bookly/app/books/routes.py", line 74, in delete_a_book
    success = await service.delete_book(book_id)
              ^^^^^^^^^^^^^^^^^^^^^^^^^^^^^^^^^^
  File "/Users/aadarshkushwaha/Desktop/Study /PythonBackend/Bookly/app/books/service.py", line 43, in delete_book
    raise BookNotFound(message="Book not found", details={"book_id": str(book_id)})
          ~~~~~~~~~~~~^^^^^^^^^^^^^^^^^^^^^^^^^^^^^^^^^^^^^^^^^^^^^^^^^^^^^^^^^^^^^
TypeError: BookNotFound.__init__() got an unexpected keyword argument 'message'
2025-11-09 00:55:15 | [0m[0m[31mERROR[0m[0m[0m | app:core/logger.py|log_exception:226 | Exception in BookNotFound: Book not found
Traceback (most recent call last):
  File "/Users/aadarshkushwaha/Desktop/Study /PythonBackend/Bookly/.venv/lib/python3.13/site-packages/starlette/_exception_handler.py", line 42, in wrapped_app
    await app(scope, receive, sender)
  File "/Users/aadarshkushwaha/Desktop/Study /PythonBackend/Bookly/.venv/lib/python3.13/site-packages/fastapi/routing.py", line 110, in app
    response = await f(request)
               ^^^^^^^^^^^^^^^^
  File "/Users/aadarshkushwaha/Desktop/Study /PythonBackend/Bookly/.venv/lib/python3.13/site-packages/fastapi/routing.py", line 390, in app
    raw_response = await run_endpoint_function(
                   ^^^^^^^^^^^^^^^^^^^^^^^^^^^^
    ...<3 lines>...
    )
    ^
  File "/Users/aadarshkushwaha/Desktop/Study /PythonBackend/Bookly/.venv/lib/python3.13/site-packages/fastapi/routing.py", line 289, in run_endpoint_function
    return await dependant.call(**values)
           ^^^^^^^^^^^^^^^^^^^^^^^^^^^^^^
  File "/Users/aadarshkushwaha/Desktop/Study /PythonBackend/Bookly/app/books/routes.py", line 74, in delete_a_book
    success = await service.delete_book(book_id)
              ^^^^^^^^^^^^^^^^^^^^^^^^^^^^^^^^^^
  File "/Users/aadarshkushwaha/Desktop/Study /PythonBackend/Bookly/app/books/service.py", line 43, in delete_book
    raise BookNotFound(details={"book_id": str(book_id)})
app.shared.exception_handlers.BookNotFound: Book not found
